........................................................................ [  5%]
........................................................................ [ 10%]
........................................................................ [ 15%]
........................................................................ [ 21%]
........................................................................ [ 26%]
........................................................................ [ 31%]
........................................................................ [ 36%]
........................................................................ [ 42%]
........................................................................ [ 47%]
........................................................................ [ 52%]
........................................................................ [ 57%]
........................................................................ [ 63%]
........................................................................ [ 68%]
........................................................................ [ 73%]
........................................................................ [ 78%]
........................................................................ [ 84%]
........................................................................ [ 89%]
........................................................................ [ 94%]
............................................................ [ 98%]
..............                                                           [100%]
1370 passed, 12 subtests passed in 146.17s (0:02:26)
