{
  "status": "G1_TESTED_SEMANTICS_MATCH_MACOS",
  "reference_report_sha256": "93d867e6cdbdc54bd0b8f5c4e017500ffbc8f5f0c53f87ec8d04c4c8ddddd524",
  "replication_report_sha256": "825a3f36d9a13b3f0061ef5834b67bff90b55b8064c5346ce4029fe002d43c62",
  "runtime_commit": "b3c0d4977c466c02a200d4fe63857682de53ddfd",
  "core_commit": "b4845e5972e74425af55ad9f306b17535957c68d",
  "python_patch": "3.14.7",
  "distributions": [
    {
      "artifact": "pheroos_runtime-0.1.0.dev1-py3-none-any.whl",
      "semantic_result_equal": true,
      "macos_semantics": {
        "actual_units": 26,
        "reserved_units": 0,
        "unknown_units": 0,
        "remaining_units": 0,
        "tasks_done": 13,
        "final_value": 204,
        "worker_exitcodes": [
          0,
          0,
          0,
          0
        ],
        "run_status": "completed",
        "budget": 26
      },
      "wsl2_semantics": {
        "actual_units": 26,
        "reserved_units": 0,
        "unknown_units": 0,
        "remaining_units": 0,
        "tasks_done": 13,
        "final_value": 204,
        "worker_exitcodes": [
          0,
          0,
          0,
          0
        ],
        "run_status": "completed",
        "budget": 26
      },
      "macos_test_output": "...........................................                              [100%]\n43 passed in 29.06s",
      "wsl2_test_output": "...........................................                              [100%]\n43 passed in 27.82s"
    },
    {
      "artifact": "pheroos_runtime-0.1.0.dev1.tar.gz",
      "semantic_result_equal": true,
      "macos_semantics": {
        "actual_units": 26,
        "reserved_units": 0,
        "unknown_units": 0,
        "remaining_units": 0,
        "tasks_done": 13,
        "final_value": 204,
        "worker_exitcodes": [
          0,
          0,
          0,
          0
        ],
        "run_status": "completed",
        "budget": 26
      },
      "wsl2_semantics": {
        "actual_units": 26,
        "reserved_units": 0,
        "unknown_units": 0,
        "remaining_units": 0,
        "tasks_done": 13,
        "final_value": 204,
        "worker_exitcodes": [
          0,
          0,
          0,
          0
        ],
        "run_status": "completed",
        "budget": 26
      },
      "macos_test_output": "...........................................                              [100%]\n43 passed in 29.11s",
      "wsl2_test_output": "...........................................                              [100%]\n43 passed in 28.56s"
    }
  ],
  "independent_cli_snapshot_valid": true,
  "artifact_hashes_valid": true,
  "scope": "Fixed mock DAG, tested policies and worker counts, tested process-death boundaries; no universal hardware-independence claim.",
  "excluded_from_equality": [
    "wall time",
    "timestamps",
    "process identifiers",
    "independent event ordering",
    "distribution and snapshot hashes"
  ],
  "historical_environment_limit": "Published macOS evidence says Python 3.14; exact patch and full historical development dependency lock are unavailable."
}
