* Getting build dependencies for wheel...
running egg_info
creating src/pheroos_runtime.egg-info
writing src/pheroos_runtime.egg-info/PKG-INFO
writing dependency_links to src/pheroos_runtime.egg-info/dependency_links.txt
writing entry points to src/pheroos_runtime.egg-info/entry_points.txt
writing requirements to src/pheroos_runtime.egg-info/requires.txt
writing top-level names to src/pheroos_runtime.egg-info/top_level.txt
writing manifest file 'src/pheroos_runtime.egg-info/SOURCES.txt'
reading manifest file 'src/pheroos_runtime.egg-info/SOURCES.txt'
reading manifest template 'MANIFEST.in'
writing manifest file 'src/pheroos_runtime.egg-info/SOURCES.txt'
* Building wheel...
running bdist_wheel
running build
running build_py
creating build/lib/pheroos_runtime
copying src/pheroos_runtime/cli.py -> build/lib/pheroos_runtime
copying src/pheroos_runtime/engine.py -> build/lib/pheroos_runtime
copying src/pheroos_runtime/__init__.py -> build/lib/pheroos_runtime
copying src/pheroos_runtime/authority.py -> build/lib/pheroos_runtime
copying src/pheroos_runtime/store.py -> build/lib/pheroos_runtime
copying src/pheroos_runtime/adapters.py -> build/lib/pheroos_runtime
running egg_info
writing src/pheroos_runtime.egg-info/PKG-INFO
writing dependency_links to src/pheroos_runtime.egg-info/dependency_links.txt
writing entry points to src/pheroos_runtime.egg-info/entry_points.txt
writing requirements to src/pheroos_runtime.egg-info/requires.txt
writing top-level names to src/pheroos_runtime.egg-info/top_level.txt
reading manifest file 'src/pheroos_runtime.egg-info/SOURCES.txt'
reading manifest template 'MANIFEST.in'
writing manifest file 'src/pheroos_runtime.egg-info/SOURCES.txt'
installing to build/bdist.linux-x86_64/wheel
running install
running install_lib
creating build/bdist.linux-x86_64/wheel
creating build/bdist.linux-x86_64/wheel/pheroos_runtime
copying build/lib/pheroos_runtime/cli.py -> build/bdist.linux-x86_64/wheel/./pheroos_runtime
copying build/lib/pheroos_runtime/engine.py -> build/bdist.linux-x86_64/wheel/./pheroos_runtime
copying build/lib/pheroos_runtime/__init__.py -> build/bdist.linux-x86_64/wheel/./pheroos_runtime
copying build/lib/pheroos_runtime/authority.py -> build/bdist.linux-x86_64/wheel/./pheroos_runtime
copying build/lib/pheroos_runtime/store.py -> build/bdist.linux-x86_64/wheel/./pheroos_runtime
copying build/lib/pheroos_runtime/adapters.py -> build/bdist.linux-x86_64/wheel/./pheroos_runtime
running install_egg_info
Copying src/pheroos_runtime.egg-info to build/bdist.linux-x86_64/wheel/./pheroos_runtime-0.1.0.dev1-py3.14.egg-info
running install_scripts
creating build/bdist.linux-x86_64/wheel/pheroos_runtime-0.1.0.dev1.dist-info/WHEEL
creating '/tmp/pheroos-wsl2-runtime-g1/dist/.tmp-a_1eu24i/pheroos_runtime-0.1.0.dev1-py3-none-any.whl' and adding 'build/bdist.linux-x86_64/wheel' to it
adding 'pheroos_runtime/__init__.py'
adding 'pheroos_runtime/adapters.py'
adding 'pheroos_runtime/authority.py'
adding 'pheroos_runtime/cli.py'
adding 'pheroos_runtime/engine.py'
adding 'pheroos_runtime/store.py'
adding 'pheroos_runtime-0.1.0.dev1.dist-info/METADATA'
adding 'pheroos_runtime-0.1.0.dev1.dist-info/WHEEL'
adding 'pheroos_runtime-0.1.0.dev1.dist-info/entry_points.txt'
adding 'pheroos_runtime-0.1.0.dev1.dist-info/top_level.txt'
adding 'pheroos_runtime-0.1.0.dev1.dist-info/RECORD'
removing build/bdist.linux-x86_64/wheel
* Getting build dependencies for sdist...
running egg_info
writing src/pheroos_runtime.egg-info/PKG-INFO
writing dependency_links to src/pheroos_runtime.egg-info/dependency_links.txt
writing entry points to src/pheroos_runtime.egg-info/entry_points.txt
writing requirements to src/pheroos_runtime.egg-info/requires.txt
writing top-level names to src/pheroos_runtime.egg-info/top_level.txt
reading manifest file 'src/pheroos_runtime.egg-info/SOURCES.txt'
reading manifest template 'MANIFEST.in'
writing manifest file 'src/pheroos_runtime.egg-info/SOURCES.txt'
* Building sdist...
running sdist
running egg_info
writing src/pheroos_runtime.egg-info/PKG-INFO
writing dependency_links to src/pheroos_runtime.egg-info/dependency_links.txt
writing entry points to src/pheroos_runtime.egg-info/entry_points.txt
writing requirements to src/pheroos_runtime.egg-info/requires.txt
writing top-level names to src/pheroos_runtime.egg-info/top_level.txt
reading manifest file 'src/pheroos_runtime.egg-info/SOURCES.txt'
reading manifest template 'MANIFEST.in'
writing manifest file 'src/pheroos_runtime.egg-info/SOURCES.txt'
running check
creating pheroos_runtime-0.1.0.dev1
creating pheroos_runtime-0.1.0.dev1/docs
creating pheroos_runtime-0.1.0.dev1/src/pheroos_runtime
creating pheroos_runtime-0.1.0.dev1/src/pheroos_runtime.egg-info
creating pheroos_runtime-0.1.0.dev1/tests
creating pheroos_runtime-0.1.0.dev1/tools
copying files to pheroos_runtime-0.1.0.dev1...
copying MANIFEST.in -> pheroos_runtime-0.1.0.dev1
copying README.md -> pheroos_runtime-0.1.0.dev1
copying baseline.json -> pheroos_runtime-0.1.0.dev1
copying pyproject.toml -> pheroos_runtime-0.1.0.dev1
copying docs/g0-g1.md -> pheroos_runtime-0.1.0.dev1/docs
copying docs/reviewed-plan.md -> pheroos_runtime-0.1.0.dev1/docs
copying src/pheroos_runtime/__init__.py -> pheroos_runtime-0.1.0.dev1/src/pheroos_runtime
copying src/pheroos_runtime/adapters.py -> pheroos_runtime-0.1.0.dev1/src/pheroos_runtime
copying src/pheroos_runtime/authority.py -> pheroos_runtime-0.1.0.dev1/src/pheroos_runtime
copying src/pheroos_runtime/cli.py -> pheroos_runtime-0.1.0.dev1/src/pheroos_runtime
copying src/pheroos_runtime/engine.py -> pheroos_runtime-0.1.0.dev1/src/pheroos_runtime
copying src/pheroos_runtime/store.py -> pheroos_runtime-0.1.0.dev1/src/pheroos_runtime
copying src/pheroos_runtime.egg-info/PKG-INFO -> pheroos_runtime-0.1.0.dev1/src/pheroos_runtime.egg-info
copying src/pheroos_runtime.egg-info/SOURCES.txt -> pheroos_runtime-0.1.0.dev1/src/pheroos_runtime.egg-info
copying src/pheroos_runtime.egg-info/dependency_links.txt -> pheroos_runtime-0.1.0.dev1/src/pheroos_runtime.egg-info
copying src/pheroos_runtime.egg-info/entry_points.txt -> pheroos_runtime-0.1.0.dev1/src/pheroos_runtime.egg-info
copying src/pheroos_runtime.egg-info/requires.txt -> pheroos_runtime-0.1.0.dev1/src/pheroos_runtime.egg-info
copying src/pheroos_runtime.egg-info/top_level.txt -> pheroos_runtime-0.1.0.dev1/src/pheroos_runtime.egg-info
copying tests/test_authority.py -> pheroos_runtime-0.1.0.dev1/tests
copying tests/test_engine.py -> pheroos_runtime-0.1.0.dev1/tests
copying tests/test_expiry_boundary.py -> pheroos_runtime-0.1.0.dev1/tests
copying tests/test_lifecycle.py -> pheroos_runtime-0.1.0.dev1/tests
copying tools/verify_install.py -> pheroos_runtime-0.1.0.dev1/tools
copying src/pheroos_runtime.egg-info/SOURCES.txt -> pheroos_runtime-0.1.0.dev1/src/pheroos_runtime.egg-info
Writing pheroos_runtime-0.1.0.dev1/setup.cfg
Creating tar archive
removing 'pheroos_runtime-0.1.0.dev1' (and everything under it)
Successfully built pheroos_runtime-0.1.0.dev1-py3-none-any.whl and pheroos_runtime-0.1.0.dev1.tar.gz
