{
  "kind": "G1_ENGINEERING_ACCEPTANCE",
  "core_commit": "b4845e5972e74425af55ad9f306b17535957c68d",
  "core_wheel_sha256": "758f7e3d8135ff3ced2f7ed21aa0710b57a106530b464bbf8d939413c22170fc",
  "distributions": [
    {
      "artifact": "pheroos_runtime-0.1.0.dev1-py3-none-any.whl",
      "sha256": "7465b44261d9aff336a599d8720d725f0af1a7b89bbc68f06b196672d51f87be",
      "test_output": "...........................................                              [100%]\n43 passed in 27.82s",
      "elapsed_seconds": 27.980749277000086,
      "source_independent": true,
      "cli": {
        "run": {
          "id": 1,
          "run_id": "g1-demo",
          "scope_ref": "sha256:c7287e20f818af8f05fdb935591744d8af8a8d1c6162d85ce18afaef339f769d",
          "status": "completed",
          "budget": 26
        },
        "actual_units": 26,
        "reserved_units": 0,
        "unknown_units": 0,
        "remaining_units": 0,
        "payload_bytes": 5789,
        "event_bytes": 57460,
        "worker_exitcodes": [
          0,
          0,
          0,
          0
        ],
        "elapsed_seconds": 3.493513135000285,
        "tasks_done": 13,
        "final_value": 204
      }
    },
    {
      "artifact": "pheroos_runtime-0.1.0.dev1.tar.gz",
      "sha256": "d17b285b396b2607d2459cffb86746e703e025224300c80c59b874ed353fcc64",
      "test_output": "...........................................                              [100%]\n43 passed in 28.56s",
      "elapsed_seconds": 28.72529006700006,
      "source_independent": true,
      "cli": {
        "run": {
          "id": 1,
          "run_id": "g1-demo",
          "scope_ref": "sha256:c7287e20f818af8f05fdb935591744d8af8a8d1c6162d85ce18afaef339f769d",
          "status": "completed",
          "budget": 26
        },
        "actual_units": 26,
        "reserved_units": 0,
        "unknown_units": 0,
        "remaining_units": 0,
        "payload_bytes": 5789,
        "event_bytes": 57460,
        "worker_exitcodes": [
          0,
          0,
          0,
          0
        ],
        "elapsed_seconds": 3.499426801000027,
        "tasks_done": 13,
        "final_value": 204
      }
    }
  ]
}
