* Getting build dependencies for wheel...
running egg_info
creating src/pheroos_bench.egg-info
writing src/pheroos_bench.egg-info/PKG-INFO
writing dependency_links to src/pheroos_bench.egg-info/dependency_links.txt
writing entry points to src/pheroos_bench.egg-info/entry_points.txt
writing requirements to src/pheroos_bench.egg-info/requires.txt
writing top-level names to src/pheroos_bench.egg-info/top_level.txt
writing manifest file 'src/pheroos_bench.egg-info/SOURCES.txt'
reading manifest file 'src/pheroos_bench.egg-info/SOURCES.txt'
writing manifest file 'src/pheroos_bench.egg-info/SOURCES.txt'
* Building wheel...
running bdist_wheel
running build
running build_py
creating build/lib/pheroos_bench
copying src/pheroos_bench/e3_llm.py -> build/lib/pheroos_bench
copying src/pheroos_bench/simulation.py -> build/lib/pheroos_bench
copying src/pheroos_bench/r0_self_check.py -> build/lib/pheroos_bench
copying src/pheroos_bench/e2_codec.py -> build/lib/pheroos_bench
copying src/pheroos_bench/e3_verdict.py -> build/lib/pheroos_bench
copying src/pheroos_bench/codec.py -> build/lib/pheroos_bench
copying src/pheroos_bench/plot.py -> build/lib/pheroos_bench
copying src/pheroos_bench/e2_config.py -> build/lib/pheroos_bench
copying src/pheroos_bench/config.py -> build/lib/pheroos_bench
copying src/pheroos_bench/__init__.py -> build/lib/pheroos_bench
copying src/pheroos_bench/r0_measurement.py -> build/lib/pheroos_bench
copying src/pheroos_bench/e2_run.py -> build/lib/pheroos_bench
copying src/pheroos_bench/e2_simulation.py -> build/lib/pheroos_bench
copying src/pheroos_bench/e3_power.py -> build/lib/pheroos_bench
copying src/pheroos_bench/stats.py -> build/lib/pheroos_bench
copying src/pheroos_bench/e2_stats.py -> build/lib/pheroos_bench
copying src/pheroos_bench/run.py -> build/lib/pheroos_bench
copying src/pheroos_bench/r0_runtime.py -> build/lib/pheroos_bench
running egg_info
writing src/pheroos_bench.egg-info/PKG-INFO
writing dependency_links to src/pheroos_bench.egg-info/dependency_links.txt
writing entry points to src/pheroos_bench.egg-info/entry_points.txt
writing requirements to src/pheroos_bench.egg-info/requires.txt
writing top-level names to src/pheroos_bench.egg-info/top_level.txt
reading manifest file 'src/pheroos_bench.egg-info/SOURCES.txt'
writing manifest file 'src/pheroos_bench.egg-info/SOURCES.txt'
creating build/lib/pheroos_bench/data
copying src/pheroos_bench/data/experiment-e2.json -> build/lib/pheroos_bench/data
copying src/pheroos_bench/data/experiment.json -> build/lib/pheroos_bench/data
installing to build/bdist.linux-x86_64/wheel
running install
running install_lib
creating build/bdist.linux-x86_64/wheel
creating build/bdist.linux-x86_64/wheel/pheroos_bench
copying build/lib/pheroos_bench/e3_llm.py -> build/bdist.linux-x86_64/wheel/./pheroos_bench
copying build/lib/pheroos_bench/simulation.py -> build/bdist.linux-x86_64/wheel/./pheroos_bench
copying build/lib/pheroos_bench/r0_self_check.py -> build/bdist.linux-x86_64/wheel/./pheroos_bench
copying build/lib/pheroos_bench/e2_codec.py -> build/bdist.linux-x86_64/wheel/./pheroos_bench
copying build/lib/pheroos_bench/e3_verdict.py -> build/bdist.linux-x86_64/wheel/./pheroos_bench
copying build/lib/pheroos_bench/codec.py -> build/bdist.linux-x86_64/wheel/./pheroos_bench
copying build/lib/pheroos_bench/plot.py -> build/bdist.linux-x86_64/wheel/./pheroos_bench
copying build/lib/pheroos_bench/e2_config.py -> build/bdist.linux-x86_64/wheel/./pheroos_bench
copying build/lib/pheroos_bench/config.py -> build/bdist.linux-x86_64/wheel/./pheroos_bench
copying build/lib/pheroos_bench/__init__.py -> build/bdist.linux-x86_64/wheel/./pheroos_bench
creating build/bdist.linux-x86_64/wheel/pheroos_bench/data
copying build/lib/pheroos_bench/data/experiment-e2.json -> build/bdist.linux-x86_64/wheel/./pheroos_bench/data
copying build/lib/pheroos_bench/data/experiment.json -> build/bdist.linux-x86_64/wheel/./pheroos_bench/data
copying build/lib/pheroos_bench/r0_measurement.py -> build/bdist.linux-x86_64/wheel/./pheroos_bench
copying build/lib/pheroos_bench/e2_run.py -> build/bdist.linux-x86_64/wheel/./pheroos_bench
copying build/lib/pheroos_bench/e2_simulation.py -> build/bdist.linux-x86_64/wheel/./pheroos_bench
copying build/lib/pheroos_bench/e3_power.py -> build/bdist.linux-x86_64/wheel/./pheroos_bench
copying build/lib/pheroos_bench/stats.py -> build/bdist.linux-x86_64/wheel/./pheroos_bench
copying build/lib/pheroos_bench/e2_stats.py -> build/bdist.linux-x86_64/wheel/./pheroos_bench
copying build/lib/pheroos_bench/run.py -> build/bdist.linux-x86_64/wheel/./pheroos_bench
copying build/lib/pheroos_bench/r0_runtime.py -> build/bdist.linux-x86_64/wheel/./pheroos_bench
running install_egg_info
Copying src/pheroos_bench.egg-info to build/bdist.linux-x86_64/wheel/./pheroos_bench-0.1.0-py3.14.egg-info
running install_scripts
creating build/bdist.linux-x86_64/wheel/pheroos_bench-0.1.0.dist-info/WHEEL
creating '/home/scott/projects/PheroOS/pheroos-bench/results/r0-replication/wsl2-20260911/artifacts/.tmp-0hpm7r6i/pheroos_bench-0.1.0-py3-none-any.whl' and adding 'build/bdist.linux-x86_64/wheel' to it
adding 'pheroos_bench/__init__.py'
adding 'pheroos_bench/codec.py'
adding 'pheroos_bench/config.py'
adding 'pheroos_bench/e2_codec.py'
adding 'pheroos_bench/e2_config.py'
adding 'pheroos_bench/e2_run.py'
adding 'pheroos_bench/e2_simulation.py'
adding 'pheroos_bench/e2_stats.py'
adding 'pheroos_bench/e3_llm.py'
adding 'pheroos_bench/e3_power.py'
adding 'pheroos_bench/e3_verdict.py'
adding 'pheroos_bench/plot.py'
adding 'pheroos_bench/r0_measurement.py'
adding 'pheroos_bench/r0_runtime.py'
adding 'pheroos_bench/r0_self_check.py'
adding 'pheroos_bench/run.py'
adding 'pheroos_bench/simulation.py'
adding 'pheroos_bench/stats.py'
adding 'pheroos_bench/data/experiment-e2.json'
adding 'pheroos_bench/data/experiment.json'
adding 'pheroos_bench-0.1.0.dist-info/METADATA'
adding 'pheroos_bench-0.1.0.dist-info/WHEEL'
adding 'pheroos_bench-0.1.0.dist-info/entry_points.txt'
adding 'pheroos_bench-0.1.0.dist-info/top_level.txt'
adding 'pheroos_bench-0.1.0.dist-info/RECORD'
removing build/bdist.linux-x86_64/wheel
* Getting build dependencies for sdist...
running egg_info
writing src/pheroos_bench.egg-info/PKG-INFO
writing dependency_links to src/pheroos_bench.egg-info/dependency_links.txt
writing entry points to src/pheroos_bench.egg-info/entry_points.txt
writing requirements to src/pheroos_bench.egg-info/requires.txt
writing top-level names to src/pheroos_bench.egg-info/top_level.txt
reading manifest file 'src/pheroos_bench.egg-info/SOURCES.txt'
writing manifest file 'src/pheroos_bench.egg-info/SOURCES.txt'
* Building sdist...
running sdist
running egg_info
writing src/pheroos_bench.egg-info/PKG-INFO
writing dependency_links to src/pheroos_bench.egg-info/dependency_links.txt
writing entry points to src/pheroos_bench.egg-info/entry_points.txt
writing requirements to src/pheroos_bench.egg-info/requires.txt
writing top-level names to src/pheroos_bench.egg-info/top_level.txt
reading manifest file 'src/pheroos_bench.egg-info/SOURCES.txt'
writing manifest file 'src/pheroos_bench.egg-info/SOURCES.txt'
running check
creating pheroos_bench-0.1.0
creating pheroos_bench-0.1.0/src/pheroos_bench
creating pheroos_bench-0.1.0/src/pheroos_bench.egg-info
creating pheroos_bench-0.1.0/src/pheroos_bench/data
creating pheroos_bench-0.1.0/tests
copying files to pheroos_bench-0.1.0...
copying README.md -> pheroos_bench-0.1.0
copying pyproject.toml -> pheroos_bench-0.1.0
copying src/pheroos_bench/__init__.py -> pheroos_bench-0.1.0/src/pheroos_bench
copying src/pheroos_bench/codec.py -> pheroos_bench-0.1.0/src/pheroos_bench
copying src/pheroos_bench/config.py -> pheroos_bench-0.1.0/src/pheroos_bench
copying src/pheroos_bench/e2_codec.py -> pheroos_bench-0.1.0/src/pheroos_bench
copying src/pheroos_bench/e2_config.py -> pheroos_bench-0.1.0/src/pheroos_bench
copying src/pheroos_bench/e2_run.py -> pheroos_bench-0.1.0/src/pheroos_bench
copying src/pheroos_bench/e2_simulation.py -> pheroos_bench-0.1.0/src/pheroos_bench
copying src/pheroos_bench/e2_stats.py -> pheroos_bench-0.1.0/src/pheroos_bench
copying src/pheroos_bench/e3_llm.py -> pheroos_bench-0.1.0/src/pheroos_bench
copying src/pheroos_bench/e3_power.py -> pheroos_bench-0.1.0/src/pheroos_bench
copying src/pheroos_bench/e3_verdict.py -> pheroos_bench-0.1.0/src/pheroos_bench
copying src/pheroos_bench/plot.py -> pheroos_bench-0.1.0/src/pheroos_bench
copying src/pheroos_bench/r0_measurement.py -> pheroos_bench-0.1.0/src/pheroos_bench
copying src/pheroos_bench/r0_runtime.py -> pheroos_bench-0.1.0/src/pheroos_bench
copying src/pheroos_bench/r0_self_check.py -> pheroos_bench-0.1.0/src/pheroos_bench
copying src/pheroos_bench/run.py -> pheroos_bench-0.1.0/src/pheroos_bench
copying src/pheroos_bench/simulation.py -> pheroos_bench-0.1.0/src/pheroos_bench
copying src/pheroos_bench/stats.py -> pheroos_bench-0.1.0/src/pheroos_bench
copying src/pheroos_bench.egg-info/PKG-INFO -> pheroos_bench-0.1.0/src/pheroos_bench.egg-info
copying src/pheroos_bench.egg-info/SOURCES.txt -> pheroos_bench-0.1.0/src/pheroos_bench.egg-info
copying src/pheroos_bench.egg-info/dependency_links.txt -> pheroos_bench-0.1.0/src/pheroos_bench.egg-info
copying src/pheroos_bench.egg-info/entry_points.txt -> pheroos_bench-0.1.0/src/pheroos_bench.egg-info
copying src/pheroos_bench.egg-info/requires.txt -> pheroos_bench-0.1.0/src/pheroos_bench.egg-info
copying src/pheroos_bench.egg-info/top_level.txt -> pheroos_bench-0.1.0/src/pheroos_bench.egg-info
copying src/pheroos_bench/data/experiment-e2.json -> pheroos_bench-0.1.0/src/pheroos_bench/data
copying src/pheroos_bench/data/experiment.json -> pheroos_bench-0.1.0/src/pheroos_bench/data
copying tests/test_bench.py -> pheroos_bench-0.1.0/tests
copying tests/test_distributions.py -> pheroos_bench-0.1.0/tests
copying tests/test_e2.py -> pheroos_bench-0.1.0/tests
copying tests/test_e3_llm.py -> pheroos_bench-0.1.0/tests
copying tests/test_e3_power.py -> pheroos_bench-0.1.0/tests
copying tests/test_e3_verdict.py -> pheroos_bench-0.1.0/tests
copying tests/test_r0_cli.py -> pheroos_bench-0.1.0/tests
copying tests/test_r0_measurement.py -> pheroos_bench-0.1.0/tests
copying tests/test_r0_runtime.py -> pheroos_bench-0.1.0/tests
copying src/pheroos_bench.egg-info/SOURCES.txt -> pheroos_bench-0.1.0/src/pheroos_bench.egg-info
Writing pheroos_bench-0.1.0/setup.cfg
Creating tar archive
removing 'pheroos_bench-0.1.0' (and everything under it)
Successfully built pheroos_bench-0.1.0-py3-none-any.whl and pheroos_bench-0.1.0.tar.gz
